../LTC2983/Driver/Src/LTC2983.c:65:26:_LTC2983_WriteByte	40	static
../LTC2983/Driver/Src/LTC2983.c:86:26:_LTC2983_ReadByte	40	static
../LTC2983/Driver/Src/LTC2983.c:108:26:_LTC2983_Write4Bytes	48	static
../LTC2983/Driver/Src/LTC2983.c:132:26:_LTC2983_Read4Bytes	40	static
../LTC2983/Driver/Src/LTC2983.c:160:31:_LTC2983_GetChannelStartAddress	16	static
../LTC2983/Driver/Src/LTC2983.c:167:13:_LTC2983_FireCallback	16	static
../LTC2983/Driver/Src/LTC2983.c:176:26:_LTC2983_WriteSingleChannelAssignmentData	32	static
../LTC2983/Driver/Src/LTC2983.c:189:26:_LTC2983_ReadSingleChannelAssignmentData	24	static
../LTC2983/Driver/Src/LTC2983.c:201:26:_LTC2983_Convert	24	static
../LTC2983/Driver/Src/LTC2983.c:213:26:_LTC2983_ReadTemperatureResults	24	static
../LTC2983/Driver/Src/LTC2983.c:224:13:_LTC2983_ProcessTempRead	40	static
../LTC2983/Driver/Src/LTC2983.c:264:13:_LTC2983_IsChannelInTempResults	32	static
../LTC2983/Driver/Src/LTC2983.c:277:30:_LTC2983_FindConvResult	32	static
../LTC2983/Driver/Src/LTC2983.c:290:26:_LTC2983_GetHandleByHspi	40	static
../LTC2983/Driver/Src/LTC2983.c:311:26:_LTC2983_GetHandleByExtiPin	32	static
../LTC2983/Driver/Src/LTC2983.c:327:13:_LTC2983_IsSpiBusy	40	static
../LTC2983/Driver/Src/LTC2983.c:352:6:_LTC2983_Reset	24	static
../LTC2983/Driver/Src/LTC2983.c:363:25:LTC2983_RegisterLTC2983HandleRegistry	16	static
../LTC2983/Driver/Src/LTC2983.c:380:25:LTC2983_UnRegisterLTC2983HandleRegistry	8	static
../LTC2983/Driver/Src/LTC2983.c:388:23:LTC2983_Init	32	static
../LTC2983/Driver/Src/LTC2983.c:429:23:LTC2983_GetDriverStatus	24	static
../LTC2983/Driver/Src/LTC2983.c:434:22:LTC2983_GetDriverError	24	static
../LTC2983/Driver/Src/LTC2983.c:439:6:LTC2983_RegisterTaskDoneCallback	16	static
../LTC2983/Driver/Src/LTC2983.c:445:6:LTC2983_UnRegisterTaskDoneCallback	16	static
../LTC2983/Driver/Src/LTC2983.c:451:23:LTC2983_StartUp	24	static
../LTC2983/Driver/Src/LTC2983.c:508:23:LTC2983_Sleep	24	static
../LTC2983/Driver/Src/LTC2983.c:577:23:LTC2983_WriteChannelsAssignmentData	40	static
../LTC2983/Driver/Src/LTC2983.c:651:23:LTC2983_ReadChannelsAssignmentData	40	static
../LTC2983/Driver/Src/LTC2983.c:725:23:LTC2983_WriteGlobalConfigReg	24	static
../LTC2983/Driver/Src/LTC2983.c:792:23:LTC2983_ReadGlobalConfigReg	24	static
../LTC2983/Driver/Src/LTC2983.c:857:23:LTC2983_WriteMuxConfigDelay	24	static
../LTC2983/Driver/Src/LTC2983.c:924:23:LTC2983_ReadMuxConfigDelay	24	static
../LTC2983/Driver/Src/LTC2983.c:989:23:LTC2983_WriteMeasMultiChannelsMask	24	static
../LTC2983/Driver/Src/LTC2983.c:1056:23:LTC2983_ReadMeasMultiChannelsMask	24	static
../LTC2983/Driver/Src/LTC2983.c:1121:23:LTC2983_Convert	24	static
../LTC2983/Driver/Src/LTC2983.c:1194:23:LTC2983_ReadTemperatureResults	32	static
../LTC2983/Driver/Src/LTC2983.c:1309:6:HAL_SPI_TxRxCpltCallback	128	static
../LTC2983/Driver/Src/LTC2983.c:1602:6:HAL_GPIO_EXTI_Rising_Callback	24	static
