../Libraries/libcsp/src/transport/csp_rdp.c:108:23:csp_rdp_header_add	32	static
../Libraries/libcsp/src/transport/csp_rdp.c:119:23:csp_rdp_header_remove	24	static
../Libraries/libcsp/src/transport/csp_rdp.c:125:23:csp_rdp_header_ref	24	static
../Libraries/libcsp/src/transport/csp_rdp.c:133:19:csp_rdp_seq_between	16	static
../Libraries/libcsp/src/transport/csp_rdp.c:138:19:csp_rdp_seq_before	16	static
../Libraries/libcsp/src/transport/csp_rdp.c:143:19:csp_rdp_seq_after	16	static
../Libraries/libcsp/src/transport/csp_rdp.c:153:19:csp_rdp_time_before	16	static
../Libraries/libcsp/src/transport/csp_rdp.c:158:19:csp_rdp_time_after	16	static
../Libraries/libcsp/src/transport/csp_rdp.c:167:12:csp_rdp_send_cmp	96	static
../Libraries/libcsp/src/transport/csp_rdp.c:230:12:csp_rdp_send_eack	56	static
../Libraries/libcsp/src/transport/csp_rdp.c:268:12:csp_rdp_send_syn	32	static
../Libraries/libcsp/src/transport/csp_rdp.c:287:19:csp_rdp_receive_data	16	static
../Libraries/libcsp/src/transport/csp_rdp.c:302:20:csp_rdp_rx_queue_flush	32	static
../Libraries/libcsp/src/transport/csp_rdp.c:337:20:csp_rdp_seq_in_rx_queue	32	static
../Libraries/libcsp/src/transport/csp_rdp.c:367:19:csp_rdp_rx_queue_add	24	static
../Libraries/libcsp/src/transport/csp_rdp.c:375:13:csp_rdp_flush_eack	64	static
../Libraries/libcsp/src/transport/csp_rdp.c:420:20:csp_rdp_should_ack	24	static
../Libraries/libcsp/src/transport/csp_rdp.c:440:6:csp_rdp_flush_all	40	static
../Libraries/libcsp/src/transport/csp_rdp.c:468:5:csp_rdp_check_ack	40	static
../Libraries/libcsp/src/transport/csp_rdp.c:488:20:csp_rdp_is_conn_ready_for_tx	16	static
../Libraries/libcsp/src/transport/csp_rdp.c:503:6:csp_rdp_check_timeouts	56	static
../Libraries/libcsp/src/transport/csp_rdp.c:591:6:csp_rdp_new_packet	88	static
../Libraries/libcsp/src/transport/csp_rdp.c:906:5:csp_rdp_connect	24	static
../Libraries/libcsp/src/transport/csp_rdp.c:969:5:csp_rdp_send	80	static
../Libraries/libcsp/src/transport/csp_rdp.c:1025:5:csp_rdp_init	16	static
../Libraries/libcsp/src/transport/csp_rdp.c:1061:6:csp_rdp_free_resources	16	static
../Libraries/libcsp/src/transport/csp_rdp.c:1072:5:csp_rdp_close	16	static
../Libraries/libcsp/src/transport/csp_rdp.c:1076:12:csp_rdp_close_internal	32	static
../Libraries/libcsp/src/transport/csp_rdp.c:1117:6:csp_rdp_set_opt	24	static
../Libraries/libcsp/src/transport/csp_rdp.c:1128:6:csp_rdp_get_opt	24	static
../Libraries/libcsp/src/transport/csp_rdp.c:1147:6:csp_rdp_conn_print	32	static
