/media/maty/MyDisk/work/yspace/projects/csp/app_LTC2983/Libraries/libcsp/include/csp/csp.h:67:20:csp_conf_get_defaults	16	static
../App/Src/app_csp.c:66:6:app_init_csp	8	static
../App/Src/app_csp.c:73:6:StartcspTask	184	static
../App/Src/app_csp.c:117:6:StartcspListenerTask	32	static
../App/Src/app_csp.c:162:6:StartcspRouterTask	16	static
../App/Src/app_csp.c:170:6:StartcspI2C	16	static
../App/Src/app_csp.c:182:6:HAL_I2C_AddrCallback	16	static
../App/Src/app_csp.c:193:6:HAL_I2C_ListenCpltCallback	16	static
../App/Src/app_csp.c:205:6:HAL_I2C_ErrorCallback	16	static
../App/Src/app_csp.c:222:6:csp_reboot_callback	8	static
