../App/Src/app_LTC2983.c:134:13:_LTC2983_AppConfigWait	16	static
../App/Src/app_LTC2983.c:153:13:_LTC2983_AppTaskState	16	static
../App/Src/app_LTC2983.c:178:13:_LTC2983_StartUpCycle	16	static
../App/Src/app_LTC2983.c:204:13:_LTC2983_SetupSequence	16	static
../App/Src/app_LTC2983.c:280:13:_LTC2983_WriteResults	16	static
../App/Src/app_LTC2983.c:296:13:_LTC2983_MeasurementSequence	24	static
../App/Src/app_LTC2983.c:347:6:LTC2983_AppSetMode	16	static
../App/Src/app_LTC2983.c:364:28:LTC2983_AppGetMode	4	static
../App/Src/app_LTC2983.c:369:28:LTC2983_AppGetState	4	static
../App/Src/app_LTC2983.c:374:28:LTC2983_AppGetError	4	static
../App/Src/app_LTC2983.c:379:6:LTC2983_AppSetFrequency	16	static
../App/Src/app_LTC2983.c:384:10:LTC2983_AppGetFrequency	4	static
../App/Src/app_LTC2983.c:389:9:LTC2983_AppIsResultReady	4	static
../App/Src/app_LTC2983.c:394:9:LTC2983_AppGetResults	24	static
../App/Src/app_LTC2983.c:416:6:LTC2983_Setup	8	static
../App/Src/app_LTC2983.c:435:6:LTC2983_StartSingleMeasurement	16	static
../App/Src/app_LTC2983.c:450:6:LTC2983_StartContinuousMeasurement	16	static
../App/Src/app_LTC2983.c:465:6:LTC2983_StopMeasurement	8	static
../App/Src/app_LTC2983.c:474:13:_LTC2983_Manager	8	static
../App/Src/app_LTC2983.c:528:6:app_init_LTC2983	8	static
